error_function ok